Γû▓ Next.js 16.1.6 (Turbopack)
- Environments: .env.local

  Creating an optimized production build ...
Γ£ô Compiled successfully in 3.7s
  Running TypeScript ...
  Collecting page data using 19 workers ...
  Generating static pages using 19 workers (0/17) ...
  Generating static pages using 19 workers (4/17) 
  Generating static pages using 19 workers (8/17) 
  Generating static pages using 19 workers (12/17) 
Γ£ô Generating static pages using 19 workers (17/17) in 371.7ms
  Finalizing page optimization ...

Route (app)
Γöî Γùï /
Γö£ Γùï /_not-found
Γö£ ╞Æ /api
Γö£ ╞Æ /api/assets
Γö£ ╞Æ /api/companies
Γö£ ╞Æ /api/generate/image
Γö£ ╞Æ /api/generate/video
Γö£ ╞Æ /api/projects
Γö£ ╞Æ /api/projects/[id]
Γö£ ╞Æ /api/setup
Γö£ Γùï /login
Γö£ Γùï /setup
Γö£ Γùï /signup
Γö£ Γùï /visual-engine
Γö£ ╞Æ /visual-engine/[id]
Γö£ ╞Æ /visual-engine/[id]/flyer
Γö£ Γùï /visual-engine/branding
Γöö Γùï /visual-engine/new


Γùï  (Static)   prerendered as static content
╞Æ  (Dynamic)  server-rendered on demand

